Traceback (most recent call last):
  File "/Users/delcey/anaconda3/envs/vlxenv/lib/python3.12/site-packages/jupyter_cache/executors/utils.py", line 58, in single_nb_execution
    executenb(
  File "/Users/delcey/anaconda3/envs/vlxenv/lib/python3.12/site-packages/nbclient/client.py", line 1319, in execute
    return NotebookClient(nb=nb, resources=resources, km=km, **kwargs).execute()
           ^^^^^^^^^^^^^^^^^^^^^^^^^^^^^^^^^^^^^^^^^^^^^^^^^^^^^^^^^^^^^^^^^^^^^
  File "/Users/delcey/anaconda3/envs/vlxenv/lib/python3.12/site-packages/jupyter_core/utils/__init__.py", line 165, in wrapped
    return loop.run_until_complete(inner)
           ^^^^^^^^^^^^^^^^^^^^^^^^^^^^^^
  File "/Users/delcey/anaconda3/envs/vlxenv/lib/python3.12/asyncio/base_events.py", line 686, in run_until_complete
    return future.result()
           ^^^^^^^^^^^^^^^
  File "/Users/delcey/anaconda3/envs/vlxenv/lib/python3.12/site-packages/nbclient/client.py", line 709, in async_execute
    await self.async_execute_cell(
  File "/Users/delcey/anaconda3/envs/vlxenv/lib/python3.12/site-packages/nbclient/client.py", line 1062, in async_execute_cell
    await self._check_raise_for_error(cell, cell_index, exec_reply)
  File "/Users/delcey/anaconda3/envs/vlxenv/lib/python3.12/site-packages/nbclient/client.py", line 918, in _check_raise_for_error
    raise CellExecutionError.from_cell_and_msg(cell, exec_reply_content)
nbclient.exceptions.CellExecutionError: An error occurred while executing the following cell:
------------------
# 1) CASOrb function
space = mtp.OrbSpace(molecule, scfdrv.mol_orbs)
space.cas_orbitals([11,16,17,18,20])

mc_results = mcscfdrv.compute(molecule,basis,space)

# 2) activeOrb
space = mtp.OrbSpace(molecule, scfdrv.mol_orbs)
space.cas(6,5)
space.pick_active([11,16,17,18,20])

mc_results = mcscfdrv.compute(molecule,basis,space)

# 3) h5 file generated by OrbitalViewer
space = mtp.OrbSpace(molecule, "furan-cas.h5")

mc_results = mcscfdrv.compute(molecule,basis,space)
------------------

----- stdout -----
                                                                                                                          
                          Multi-Configurational Self-Consistent Field Driver
                         ====================================================
----- stdout -----

               Active space definition:
               ------------------------
               Number of inactive (occupied) orbitals: 15
               Number of active orbitals:              5
               Number of virtual orbitals:             58

               This is a CASSCF wavefunction: CAS(6,5)

               CI expansion:
               -------------
               Number of determinants:      100


                                                                                                                          
               ╭────────────────────────────────────╮
               │          Driver settings           │
               ╰────────────────────────────────────╯
                                                                                                                          
                                                                                                                          
               Number of states              :   1
               State-specific calculation
                - State of interest          :   1
               Max. iterations               :   50
               BFGS window                   :   5
               Convergence thresholds:
                - Energy change              :   1e-08
                - Gradient sq. norm          :   1e-08
                                                                                                                          
                                                                                                                          
                          MCSCF Iterations
                         -------------------
                                                                                                                          
     Iter. | Average Energy | E. Change | Grad. Norm | CI Iter. | Trust rad. |  Time
     ---------------------------------------------------------------------------------
----- stdout -----
-221.0243691411991
----- stdout -----
        1     -228.473029266     0.0e+00      1.7e-03          0        0.40    0:00:00
----- stdout -----
-221.03262655673228
----- stdout -----
        2     -228.486533870    -1.4e-02      7.8e-04          0        0.40    0:00:00
----- stdout -----
-221.01043877819038
        3     -228.487831306    -1.3e-03      1.2e-04          0        0.48    0:00:00
----- stdout -----
-221.0092824764453
        4     -228.488000819    -1.7e-04      1.5e-05          0        0.48    0:00:00
----- stdout -----
-221.00561918072583
        5     -228.488013713    -1.3e-05      4.3e-07          0        0.58    0:00:00
----- stdout -----
-221.00554171318464
        6     -228.488014060    -3.5e-07      5.3e-08          0        0.58    0:00:00
----- stdout -----
-221.0053940734888
        7     -228.488014076    -1.6e-08      1.5e-09          0        0.58    0:00:00
----- stdout -----
-221.0054261077025
        8     -228.488014077    -5.6e-10      6.4e-11          0        0.58    0:00:00
** Convergence reached in 8 iterations
----- stdout -----
-221.0054289222095
        9     -228.488014077    -3.4e-11      8.8e-12          0        0.69    0:00:00
                                                                                                                          
               Final results
               -------------
                                                                                                                          
* State 1
  - S^2    : 0.00  (multiplicity = 1.0 )
  - Energy : -228.48801407684468
  - Natural orbitals
1.99451 1.94212 1.90287 0.09707 0.06342
                                                                                                                          
                                                 Spin Restricted Orbitals                                                 
                                                 ------------------------                                                 
                                                                                                                          
               Molecular Orbital No.  14:                                                                                 
               --------------------------                                                                                 
               Occupation: 2.000 Energy:   -0.55816 a.u.                                                                  
               (   3 C   1p-1:    -0.32) (   4 C   1p+1:     0.19) (   4 C   1p-1:     0.26)                              
               (   6 O   1p+1:     0.35) (   6 O   2p+1:     0.26) (   7 H   1s  :     0.20)                              
               (   8 H   1s  :     0.20)                                                                                  
                                                                                                                          
               Molecular Orbital No.  15:                                                                                 
               --------------------------                                                                                 
               Occupation: 2.000 Energy:   -0.54203 a.u.                                                                  
               (   1 C   1p+1:     0.25) (   3 C   1p+1:    -0.23) (   3 C   1p-1:    -0.18)                              
               (   4 C   1p-1:     0.27) (   5 C   1p+1:     0.24) (   6 O   1p+1:    -0.34)                              
               (   6 O   2p+1:    -0.27)                                                                                  
                                                                                                                          
               Molecular Orbital No.  16:                                                                                 
               --------------------------                                                                                 
               Occupation: 1.995 Energy:   -0.58222 a.u.                                                                  
               (   6 O   1p0 :    -0.59) (   6 O   2p0 :    -0.43)                                                        
                                                                                                                          
               Molecular Orbital No.  17:                                                                                 
               --------------------------                                                                                 
               Occupation: 1.942 Energy:   -0.41896 a.u.                                                                  
               (   1 C   1p0 :     0.19) (   3 C   1p0 :     0.34) (   3 C   2p0 :     0.23)                              
               (   4 C   1p0 :     0.34) (   4 C   2p0 :     0.23) (   5 C   1p0 :     0.19)                              
               (   6 O   2p0 :    -0.15)                                                                                  
                                                                                                                          
               Molecular Orbital No.  18:                                                                                 
               --------------------------                                                                                 
               Occupation: 1.903 Energy:   -0.30937 a.u.                                                                  
               (   1 C   1p0 :    -0.36) (   1 C   2p0 :    -0.28) (   3 C   1p0 :    -0.24)                              
               (   3 C   2p0 :    -0.20) (   4 C   1p0 :     0.24) (   4 C   2p0 :     0.20)                              
               (   5 C   1p0 :     0.36) (   5 C   2p0 :     0.28)                                                        
                                                                                                                          
               Molecular Orbital No.  19:                                                                                 
               --------------------------                                                                                 
               Occupation: 0.097 Energy:    0.18407 a.u.                                                                  
               (   1 C   1p0 :     0.48) (   1 C   2p0 :     0.30) (   3 C   1p0 :    -0.30)                              
               (   3 C   2p0 :    -0.18) (   4 C   1p0 :    -0.30) (   4 C   2p0 :    -0.18)                              
               (   5 C   1p0 :     0.48) (   5 C   2p0 :     0.30) (   6 O   1p0 :    -0.28)                              
               (   6 O   2p0 :    -0.27)                                                                                  
                                                                                                                          
               Molecular Orbital No.  20:                                                                                 
               --------------------------                                                                                 
               Occupation: 0.063 Energy:    0.28638 a.u.                                                                  
               (   1 C   1p0 :    -0.36) (   1 C   2p0 :    -0.24) (   3 C   1p0 :     0.51)                              
               (   3 C   2p0 :     0.39) (   4 C   1p0 :    -0.51) (   4 C   2p0 :    -0.39)                              
               (   5 C   1p0 :     0.36) (   5 C   2p0 :     0.24)                                                        
                                                                                                                          
               Molecular Orbital No.  21:                                                                                 
               --------------------------                                                                                 
               Occupation: 0.000 Energy:    0.20569 a.u.                                                                  
               (   1 C   3s  :    -0.62) (   1 C   2p+1:     0.28) (   1 C   2p-1:     0.21)                              
               (   2 H   2s  :     0.93) (   3 C   3s  :    -0.99) (   3 C   2p+1:    -0.30)                              
               (   3 C   2p-1:     0.41) (   4 C   3s  :    -0.99) (   4 C   2p+1:    -0.48)                              
               (   4 C   2p-1:    -0.18) (   5 C   3s  :    -0.62) (   5 C   2p-1:    -0.33)                              
               (   7 H   2s  :     1.35) (   8 H   2s  :     1.35) (   9 H   2s  :     0.93)                              
                                                                                                                          
               Molecular Orbital No.  22:                                                                                 
               --------------------------                                                                                 
               Occupation: 0.000 Energy:    0.23274 a.u.                                                                  
               (   1 C   3s  :     0.75) (   1 C   2p+1:    -0.85) (   1 C   2p-1:    -0.79)                              
               (   2 H   2s  :    -1.89) (   3 C   3s  :     1.12) (   3 C   2p-1:     0.22)                              
               (   4 C   3s  :    -1.13) (   4 C   2p-1:     0.19) (   5 C   3s  :    -0.74)                              
               (   5 C   1p-1:    -0.16) (   5 C   2p+1:     0.28) (   5 C   2p-1:    -1.12)                              
               (   7 H   2s  :    -0.40) (   8 H   2s  :     0.41) (   9 H   2s  :     1.87)
----- stdout -----
                                                                                                                          
                                                Dipole moment for state 1                                                 
                                               ---------------------------                                                
                                                                                                                          
                                   X   :         0.435398 a.u.         1.106672 Debye                                     
                                   Y   :        -0.130480 a.u.        -0.331646 Debye                                     
                                   Z   :         0.000065 a.u.         0.000165 Debye                                     
                                 Total :         0.454529 a.u.         1.155297 Debye
----- stdout -----
                                                                                                                          
Total MCSCF time: 00:00:02
----- stdout -----
                                                                                                                          
                          Multi-Configurational Self-Consistent Field Driver
                         ====================================================
----- stdout -----

               Active space definition:
               ------------------------
               Number of inactive (occupied) orbitals: 15
               Number of active orbitals:              5
               Number of virtual orbitals:             58

               This is a CASSCF wavefunction: CAS(6,5)

               CI expansion:
               -------------
               Number of determinants:      100


                                                                                                                          
               ╭────────────────────────────────────╮
               │          Driver settings           │
               ╰────────────────────────────────────╯
                                                                                                                          
                                                                                                                          
               Number of states              :   1
               State-specific calculation
                - State of interest          :   1
               Max. iterations               :   50
               BFGS window                   :   5
               Convergence thresholds:
                - Energy change              :   1e-08
                - Gradient sq. norm          :   1e-08
                                                                                                                          
                                                                                                                          
                          MCSCF Iterations
                         -------------------
                                                                                                                          
     Iter. | Average Energy | E. Change | Grad. Norm | CI Iter. | Trust rad. |  Time
     ---------------------------------------------------------------------------------
----- stdout -----
-221.0243691411991
----- stdout -----
        1     -228.473029266     0.0e+00      1.7e-03          0        0.40    0:00:00
----- stdout -----
-221.03262655673228
----- stdout -----
        2     -228.486533870    -1.4e-02      7.8e-04          0        0.40    0:00:00
----- stdout -----
-221.01043877819023
----- stdout -----
        3     -228.487831306    -1.3e-03      1.2e-04          0        0.48    0:00:00
----- stdout -----
-221.00928247644524
----- stdout -----
        4     -228.488000819    -1.7e-04      1.5e-05          0        0.48    0:00:00
----- stdout -----
-221.0056191807259
----- stdout -----
        5     -228.488013713    -1.3e-05      4.3e-07          0        0.58    0:00:00
----- stdout -----
-221.00554171318473
----- stdout -----
        6     -228.488014060    -3.5e-07      5.3e-08          0        0.58    0:00:00
----- stdout -----
-221.0053940734888
----- stdout -----
        7     -228.488014076    -1.6e-08      1.5e-09          0        0.58    0:00:00
----- stdout -----
-221.0054261077028
----- stdout -----
        8     -228.488014077    -5.7e-10      6.4e-11          0        0.58    0:00:00
** Convergence reached in 8 iterations
----- stdout -----
-221.00542892220975
----- stdout -----
        9     -228.488014077    -3.4e-11      8.8e-12          0        0.69    0:00:00
                                                                                                                          
               Final results
               -------------
                                                                                                                          
* State 1
  - S^2    : 0.00  (multiplicity = 1.0 )
  - Energy : -228.48801407684502
  - Natural orbitals
1.99451 1.94212 1.90287 0.09707 0.06342
                                                                                                                          
                                                 Spin Restricted Orbitals                                                 
                                                 ------------------------                                                 
                                                                                                                          
               Molecular Orbital No.  14:                                                                                 
               --------------------------                                                                                 
               Occupation: 2.000 Energy:   -0.55816 a.u.                                                                  
               (   3 C   1p-1:    -0.32) (   4 C   1p+1:     0.19) (   4 C   1p-1:     0.26)                              
               (   6 O   1p+1:     0.35) (   6 O   2p+1:     0.26) (   7 H   1s  :     0.20)                              
               (   8 H   1s  :     0.20)                                                                                  
                                                                                                                          
               Molecular Orbital No.  15:                                                                                 
               --------------------------                                                                                 
               Occupation: 2.000 Energy:   -0.54203 a.u.                                                                  
               (   1 C   1p+1:     0.25) (   3 C   1p+1:    -0.23) (   3 C   1p-1:    -0.18)                              
               (   4 C   1p-1:     0.27) (   5 C   1p+1:     0.24) (   6 O   1p+1:    -0.34)                              
               (   6 O   2p+1:    -0.27)                                                                                  
                                                                                                                          
               Molecular Orbital No.  16:                                                                                 
               --------------------------                                                                                 
               Occupation: 1.995 Energy:   -0.58222 a.u.                                                                  
               (   6 O   1p0 :    -0.59) (   6 O   2p0 :    -0.43)                                                        
                                                                                                                          
               Molecular Orbital No.  17:                                                                                 
               --------------------------                                                                                 
               Occupation: 1.942 Energy:   -0.41896 a.u.                                                                  
               (   1 C   1p0 :     0.19) (   3 C   1p0 :     0.34) (   3 C   2p0 :     0.23)                              
               (   4 C   1p0 :     0.34) (   4 C   2p0 :     0.23) (   5 C   1p0 :     0.19)                              
               (   6 O   2p0 :    -0.15)                                                                                  
                                                                                                                          
               Molecular Orbital No.  18:                                                                                 
               --------------------------                                                                                 
               Occupation: 1.903 Energy:   -0.30937 a.u.                                                                  
               (   1 C   1p0 :    -0.36) (   1 C   2p0 :    -0.28) (   3 C   1p0 :    -0.24)                              
               (   3 C   2p0 :    -0.20) (   4 C   1p0 :     0.24) (   4 C   2p0 :     0.20)                              
               (   5 C   1p0 :     0.36) (   5 C   2p0 :     0.28)                                                        
                                                                                                                          
               Molecular Orbital No.  19:                                                                                 
               --------------------------                                                                                 
               Occupation: 0.097 Energy:    0.18407 a.u.                                                                  
               (   1 C   1p0 :     0.48) (   1 C   2p0 :     0.30) (   3 C   1p0 :    -0.30)                              
               (   3 C   2p0 :    -0.18) (   4 C   1p0 :    -0.30) (   4 C   2p0 :    -0.18)                              
               (   5 C   1p0 :     0.48) (   5 C   2p0 :     0.30) (   6 O   1p0 :    -0.28)                              
               (   6 O   2p0 :    -0.27)                                                                                  
                                                                                                                          
               Molecular Orbital No.  20:                                                                                 
               --------------------------                                                                                 
               Occupation: 0.063 Energy:    0.28638 a.u.                                                                  
               (   1 C   1p0 :    -0.36) (   1 C   2p0 :    -0.24) (   3 C   1p0 :     0.51)                              
               (   3 C   2p0 :     0.39) (   4 C   1p0 :    -0.51) (   4 C   2p0 :    -0.39)                              
               (   5 C   1p0 :     0.36) (   5 C   2p0 :     0.24)                                                        
                                                                                                                          
               Molecular Orbital No.  21:                                                                                 
               --------------------------                                                                                 
               Occupation: 0.000 Energy:    0.20569 a.u.                                                                  
               (   1 C   3s  :    -0.62) (   1 C   2p+1:     0.28) (   1 C   2p-1:     0.21)                              
               (   2 H   2s  :     0.93) (   3 C   3s  :    -0.99) (   3 C   2p+1:    -0.30)                              
               (   3 C   2p-1:     0.41) (   4 C   3s  :    -0.99) (   4 C   2p+1:    -0.48)                              
               (   4 C   2p-1:    -0.18) (   5 C   3s  :    -0.62) (   5 C   2p-1:    -0.33)                              
               (   7 H   2s  :     1.35) (   8 H   2s  :     1.35) (   9 H   2s  :     0.93)                              
                                                                                                                          
               Molecular Orbital No.  22:                                                                                 
               --------------------------                                                                                 
               Occupation: 0.000 Energy:    0.23274 a.u.                                                                  
               (   1 C   3s  :     0.75) (   1 C   2p+1:    -0.85) (   1 C   2p-1:    -0.79)                              
               (   2 H   2s  :    -1.89) (   3 C   3s  :     1.12) (   3 C   2p-1:     0.22)                              
               (   4 C   3s  :    -1.13) (   4 C   2p-1:     0.19) (   5 C   3s  :    -0.74)                              
               (   5 C   1p-1:    -0.16) (   5 C   2p+1:     0.28) (   5 C   2p-1:    -1.12)                              
               (   7 H   2s  :    -0.40) (   8 H   2s  :     0.41) (   9 H   2s  :     1.87)
----- stdout -----
                                                                                                                          
                                                Dipole moment for state 1                                                 
                                               ---------------------------                                                
                                                                                                                          
                                   X   :         0.435398 a.u.         1.106672 Debye                                     
                                   Y   :        -0.130480 a.u.        -0.331646 Debye                                     
                                   Z   :         0.000065 a.u.         0.000165 Debye                                     
                                 Total :         0.454529 a.u.         1.155297 Debye
----- stdout -----
                                                                                                                          
Total MCSCF time: 00:00:02
------------------

[0;31m---------------------------------------------------------------------------[0m
[0;31mTypeError[0m                                 Traceback (most recent call last)
Cell [0;32mIn[9], line 15[0m
[1;32m     12[0m mc_results [38;5;241m=[39m mcscfdrv[38;5;241m.[39mcompute(molecule,basis,space)
[1;32m     14[0m [38;5;66;03m# 3) h5 file generated by OrbitalViewer[39;00m
[0;32m---> 15[0m space [38;5;241m=[39m [43mmtp[49m[38;5;241;43m.[39;49m[43mOrbSpace[49m[43m([49m[43mmolecule[49m[43m,[49m[43m [49m[38;5;124;43m"[39;49m[38;5;124;43mfuran-cas.h5[39;49m[38;5;124;43m"[39;49m[43m)[49m
[1;32m     17[0m mc_results [38;5;241m=[39m mcscfdrv[38;5;241m.[39mcompute(molecule,basis,space)

File [0;32m~/anaconda3/envs/vlxenv/lib/python3.12/site-packages/multipsi/orbspace.py:74[0m, in [0;36mOrbSpace.__init__[0;34m(self, molecule, molecular_orbitals, comm)[0m
[1;32m     72[0m         gas [38;5;241m=[39m hf[38;5;241m.[39mget([38;5;124m"[39m[38;5;124mactive_space[39m[38;5;124m"[39m)[:][38;5;241m.[39mtolist()
[1;32m     73[0m         active_orbitals [38;5;241m=[39m [38;5;28mlist[39m(hf[38;5;241m.[39mget([38;5;124m"[39m[38;5;124mactive_orbitals[39m[38;5;124m"[39m))
[0;32m---> 74[0m         n_inactive [38;5;241m=[39m [43mhf[49m[38;5;241;43m.[39;49m[43mget[49m[43m([49m[38;5;124;43m"[39;49m[38;5;124;43mn_inactive[39;49m[38;5;124;43m"[39;49m[43m)[49m[43m[[49m[38;5;241;43m0[39;49m[43m][49m
[1;32m     75[0m     hf[38;5;241m.[39mclose()
[1;32m     76[0m is_active_space_set [38;5;241m=[39m comm[38;5;241m.[39mbcast(is_active_space_set,
[1;32m     77[0m                                  root[38;5;241m=[39mvlx[38;5;241m.[39mmpi_master())

[0;31mTypeError[0m: 'NoneType' object is not subscriptable

