Traceback (most recent call last):
  File "/Users/delcey/anaconda3/envs/vlxenv/lib/python3.12/site-packages/jupyter_cache/executors/utils.py", line 58, in single_nb_execution
    executenb(
  File "/Users/delcey/anaconda3/envs/vlxenv/lib/python3.12/site-packages/nbclient/client.py", line 1319, in execute
    return NotebookClient(nb=nb, resources=resources, km=km, **kwargs).execute()
           ^^^^^^^^^^^^^^^^^^^^^^^^^^^^^^^^^^^^^^^^^^^^^^^^^^^^^^^^^^^^^^^^^^^^^
  File "/Users/delcey/anaconda3/envs/vlxenv/lib/python3.12/site-packages/jupyter_core/utils/__init__.py", line 165, in wrapped
    return loop.run_until_complete(inner)
           ^^^^^^^^^^^^^^^^^^^^^^^^^^^^^^
  File "/Users/delcey/anaconda3/envs/vlxenv/lib/python3.12/asyncio/base_events.py", line 686, in run_until_complete
    return future.result()
           ^^^^^^^^^^^^^^^
  File "/Users/delcey/anaconda3/envs/vlxenv/lib/python3.12/site-packages/nbclient/client.py", line 709, in async_execute
    await self.async_execute_cell(
  File "/Users/delcey/anaconda3/envs/vlxenv/lib/python3.12/site-packages/nbclient/client.py", line 1062, in async_execute_cell
    await self._check_raise_for_error(cell, cell_index, exec_reply)
  File "/Users/delcey/anaconda3/envs/vlxenv/lib/python3.12/site-packages/nbclient/client.py", line 918, in _check_raise_for_error
    raise CellExecutionError.from_cell_and_msg(cell, exec_reply_content)
nbclient.exceptions.CellExecutionError: An error occurred while executing the following cell:
------------------
print("Return dictionary:",ci_results)
print()
print("Ground state energy:",CIdrv.get_energy(0)) #Get the energy of a specific state, here state number 0
print("Array of all state energies:",CIdrv.get_energies()) #Get a python list of energies
print()
print("Ground state natural orbitals occupation numbers:",CIdrv.get_natural_occupations(0))
------------------

----- stdout -----
Return dictionary: {'converged': True, 'n_iterations': 38, 'energies': array([-75.90215524, -75.84903068, -75.84010871]), 'ci_vectors': <multipsi.multipsilib.CIVectors object at 0x17f008cb0>, 'orbital_space': <multipsi.orbspace.OrbSpace object at 0x17c6a3e60>, 'ci_expansion': <multipsi.ci_expansion.CIExpansion object at 0x1078b8320>, 'S2': [7.164416615523805e-09, 5.5678159194272325e-08, 1.9999987768119347], 'natural_occupations': [array([1.98787234e+00, 1.98051697e+00, 1.72827796e+00, 1.69442049e+00,
       3.04282589e-01, 2.65893738e-01, 3.50022815e-04, 2.62155962e-04,
       1.79768837e-02, 5.28475860e-03, 5.09315296e-03, 9.76894894e-03]), array([1.98896837e+00, 9.94274530e-01, 1.68091883e+00, 1.95898819e+00,
       1.00327785e+00, 3.35333585e-01, 9.25426874e-04, 2.17371622e-04,
       6.74120229e-03, 1.56807641e-02, 5.73358815e-03, 8.94028587e-03]), array([1.98803211e+00, 9.94299821e-01, 1.75098098e+00, 1.75237184e+00,
       5.13352521e-01, 9.61008884e-01, 3.61403795e-04, 1.09731603e-03,
       6.76583900e-03, 1.14197372e-02, 1.19606190e-02, 8.34892381e-03])]}
------------------

[0;31m---------------------------------------------------------------------------[0m
[0;31mAttributeError[0m                            Traceback (most recent call last)
Cell [0;32mIn[8], line 3[0m
[1;32m      1[0m [38;5;28mprint[39m([38;5;124m"[39m[38;5;124mReturn dictionary:[39m[38;5;124m"[39m,ci_results)
[1;32m      2[0m [38;5;28mprint[39m()
[0;32m----> 3[0m [38;5;28mprint[39m([38;5;124m"[39m[38;5;124mGround state energy:[39m[38;5;124m"[39m,[43mCIdrv[49m[38;5;241;43m.[39;49m[43mget_energy[49m([38;5;241m0[39m)) [38;5;66;03m#Get the energy of a specific state, here state number 0[39;00m
[1;32m      4[0m [38;5;28mprint[39m([38;5;124m"[39m[38;5;124mArray of all state energies:[39m[38;5;124m"[39m,CIdrv[38;5;241m.[39mget_energies()) [38;5;66;03m#Get a python list of energies[39;00m
[1;32m      5[0m [38;5;28mprint[39m()

[0;31mAttributeError[0m: 'CIDriver' object has no attribute 'get_energy'

