Traceback (most recent call last):
  File "/Users/delcey/anaconda3/envs/vlxenv/lib/python3.12/site-packages/jupyter_cache/executors/utils.py", line 58, in single_nb_execution
    executenb(
  File "/Users/delcey/anaconda3/envs/vlxenv/lib/python3.12/site-packages/nbclient/client.py", line 1319, in execute
    return NotebookClient(nb=nb, resources=resources, km=km, **kwargs).execute()
           ^^^^^^^^^^^^^^^^^^^^^^^^^^^^^^^^^^^^^^^^^^^^^^^^^^^^^^^^^^^^^^^^^^^^^
  File "/Users/delcey/anaconda3/envs/vlxenv/lib/python3.12/site-packages/jupyter_core/utils/__init__.py", line 165, in wrapped
    return loop.run_until_complete(inner)
           ^^^^^^^^^^^^^^^^^^^^^^^^^^^^^^
  File "/Users/delcey/anaconda3/envs/vlxenv/lib/python3.12/asyncio/base_events.py", line 686, in run_until_complete
    return future.result()
           ^^^^^^^^^^^^^^^
  File "/Users/delcey/anaconda3/envs/vlxenv/lib/python3.12/site-packages/nbclient/client.py", line 709, in async_execute
    await self.async_execute_cell(
  File "/Users/delcey/anaconda3/envs/vlxenv/lib/python3.12/site-packages/nbclient/client.py", line 1062, in async_execute_cell
    await self._check_raise_for_error(cell, cell_index, exec_reply)
  File "/Users/delcey/anaconda3/envs/vlxenv/lib/python3.12/site-packages/nbclient/client.py", line 918, in _check_raise_for_error
    raise CellExecutionError.from_cell_and_msg(cell, exec_reply_content)
nbclient.exceptions.CellExecutionError: An error occurred while executing the following cell:
------------------
space=mtp.OrbSpace(molecule,"furan-cas.h5")
mcscfdrv=mtp.McscfDriver()
mcscfdrv.compute(molecule,basis,space)
------------------


[0;31m---------------------------------------------------------------------------[0m
[0;31mTypeError[0m                                 Traceback (most recent call last)
Cell [0;32mIn[3], line 1[0m
[0;32m----> 1[0m space[38;5;241m=[39m[43mmtp[49m[38;5;241;43m.[39;49m[43mOrbSpace[49m[43m([49m[43mmolecule[49m[43m,[49m[38;5;124;43m"[39;49m[38;5;124;43mfuran-cas.h5[39;49m[38;5;124;43m"[39;49m[43m)[49m
[1;32m      2[0m mcscfdrv[38;5;241m=[39mmtp[38;5;241m.[39mMcscfDriver()
[1;32m      3[0m mcscfdrv[38;5;241m.[39mcompute(molecule,basis,space)

File [0;32m~/anaconda3/envs/vlxenv/lib/python3.12/site-packages/multipsi/orbspace.py:74[0m, in [0;36mOrbSpace.__init__[0;34m(self, molecule, molecular_orbitals, comm)[0m
[1;32m     72[0m         gas [38;5;241m=[39m hf[38;5;241m.[39mget([38;5;124m"[39m[38;5;124mactive_space[39m[38;5;124m"[39m)[:][38;5;241m.[39mtolist()
[1;32m     73[0m         active_orbitals [38;5;241m=[39m [38;5;28mlist[39m(hf[38;5;241m.[39mget([38;5;124m"[39m[38;5;124mactive_orbitals[39m[38;5;124m"[39m))
[0;32m---> 74[0m         n_inactive [38;5;241m=[39m [43mhf[49m[38;5;241;43m.[39;49m[43mget[49m[43m([49m[38;5;124;43m"[39;49m[38;5;124;43mn_inactive[39;49m[38;5;124;43m"[39;49m[43m)[49m[43m[[49m[38;5;241;43m0[39;49m[43m][49m
[1;32m     75[0m     hf[38;5;241m.[39mclose()
[1;32m     76[0m is_active_space_set [38;5;241m=[39m comm[38;5;241m.[39mbcast(is_active_space_set,
[1;32m     77[0m                                  root[38;5;241m=[39mvlx[38;5;241m.[39mmpi_master())

[0;31mTypeError[0m: 'NoneType' object is not subscriptable

