Traceback (most recent call last):
  File "/Users/delcey/anaconda3/envs/vlxenv/lib/python3.12/site-packages/jupyter_cache/executors/utils.py", line 58, in single_nb_execution
    executenb(
  File "/Users/delcey/anaconda3/envs/vlxenv/lib/python3.12/site-packages/nbclient/client.py", line 1319, in execute
    return NotebookClient(nb=nb, resources=resources, km=km, **kwargs).execute()
           ^^^^^^^^^^^^^^^^^^^^^^^^^^^^^^^^^^^^^^^^^^^^^^^^^^^^^^^^^^^^^^^^^^^^^
  File "/Users/delcey/anaconda3/envs/vlxenv/lib/python3.12/site-packages/jupyter_core/utils/__init__.py", line 165, in wrapped
    return loop.run_until_complete(inner)
           ^^^^^^^^^^^^^^^^^^^^^^^^^^^^^^
  File "/Users/delcey/anaconda3/envs/vlxenv/lib/python3.12/asyncio/base_events.py", line 686, in run_until_complete
    return future.result()
           ^^^^^^^^^^^^^^^
  File "/Users/delcey/anaconda3/envs/vlxenv/lib/python3.12/site-packages/nbclient/client.py", line 709, in async_execute
    await self.async_execute_cell(
  File "/Users/delcey/anaconda3/envs/vlxenv/lib/python3.12/site-packages/nbclient/client.py", line 1062, in async_execute_cell
    await self._check_raise_for_error(cell, cell_index, exec_reply)
  File "/Users/delcey/anaconda3/envs/vlxenv/lib/python3.12/site-packages/nbclient/client.py", line 918, in _check_raise_for_error
    raise CellExecutionError.from_cell_and_msg(cell, exec_reply_content)
nbclient.exceptions.CellExecutionError: An error occurred while executing the following cell:
------------------
mcscfdrv=mtp.McscfDriver()
mc_results = mcscfdrv.compute(molecule,basis,space) #only ground state!

mcrpa = mtp.Mclr_EigenSolver()
Prop_dict = mcrpa.compute(molecule, basis, mcscfdrv, n_states = 5)
------------------

----- stdout -----
                                                                                                                          
                          Multi-Configurational Self-Consistent Field Driver
                         ====================================================
----- stdout -----

               Active space definition:
               ------------------------
               Number of inactive (occupied) orbitals: 15
               Number of active orbitals:              5
               Number of virtual orbitals:             58

               This is a CASSCF wavefunction: CAS(6,5)

               CI expansion:
               -------------
               Number of determinants:      100


                                                                                                                          
               ╭────────────────────────────────────╮
               │          Driver settings           │
               ╰────────────────────────────────────╯
                                                                                                                          
                                                                                                                          
               Number of states              :   1
               State-specific calculation
                - State of interest          :   1
               Max. iterations               :   50
               BFGS window                   :   5
               Convergence thresholds:
                - Energy change              :   1e-08
                - Gradient sq. norm          :   1e-08
                                                                                                                          
                                                                                                                          
                          MCSCF Iterations
                         -------------------
                                                                                                                          
     Iter. | Average Energy | E. Change | Grad. Norm | CI Iter. | Trust rad. |  Time
     ---------------------------------------------------------------------------------
----- stdout -----
        1     -228.478341209     0.0e+00      1.1e-02          0        0.40    0:00:00
----- stdout -----
        2     -228.486966462    -8.6e-03      1.2e-03          0        0.40    0:00:00
----- stdout -----
        3     -228.487913506    -9.5e-04      1.7e-04          0        0.48    0:00:00
----- stdout -----
        4     -228.488006283    -9.3e-05      1.2e-05          0        0.48    0:00:00
----- stdout -----
        5     -228.488013836    -7.6e-06      6.8e-07          0        0.58    0:00:00
----- stdout -----
        6     -228.488014063    -2.3e-07      2.1e-08          0        0.58    0:00:00
----- stdout -----
        7     -228.488014075    -1.2e-08      1.5e-09          0        0.58    0:00:00
----- stdout -----
        8     -228.488014077    -1.3e-09      8.6e-11          0        0.69    0:00:00
** Convergence reached in 8 iterations
----- stdout -----
        9     -228.488014077    -6.2e-11      7.5e-12          0        0.69    0:00:00
                                                                                                                          
               Final results
               -------------
                                                                                                                          
* State 1
  - S^2    : -0.00  (multiplicity = 1.0 )
  - Energy : -228.4880140768417
  - Natural orbitals
1.99451 1.94212 1.90287 0.09707 0.06342
                                                                                                                          
                                                 Spin Restricted Orbitals                                                 
                                                 ------------------------                                                 
                                                                                                                          
               Molecular Orbital No.  14:                                                                                 
               --------------------------                                                                                 
               Occupation: 2.000 Energy:   -0.55816 a.u.                                                                  
               (   3 C   1p-1:    -0.32) (   4 C   1p+1:     0.19) (   4 C   1p-1:     0.26)                              
               (   6 O   1p+1:     0.35) (   6 O   2p+1:     0.26) (   7 H   1s  :     0.20)                              
               (   8 H   1s  :     0.20)                                                                                  
                                                                                                                          
               Molecular Orbital No.  15:                                                                                 
               --------------------------                                                                                 
               Occupation: 2.000 Energy:   -0.54203 a.u.                                                                  
               (   1 C   1p+1:     0.25) (   3 C   1p+1:    -0.23) (   3 C   1p-1:    -0.18)                              
               (   4 C   1p-1:     0.27) (   5 C   1p+1:     0.24) (   6 O   1p+1:    -0.34)                              
               (   6 O   2p+1:    -0.27)                                                                                  
                                                                                                                          
               Molecular Orbital No.  16:                                                                                 
               --------------------------                                                                                 
               Occupation: 1.995 Energy:   -0.58221 a.u.                                                                  
               (   6 O   1p0 :    -0.59) (   6 O   2p0 :    -0.43)                                                        
                                                                                                                          
               Molecular Orbital No.  17:                                                                                 
               --------------------------                                                                                 
               Occupation: 1.942 Energy:   -0.41896 a.u.                                                                  
               (   1 C   1p0 :    -0.19) (   3 C   1p0 :    -0.34) (   3 C   2p0 :    -0.23)                              
               (   4 C   1p0 :    -0.34) (   4 C   2p0 :    -0.23) (   5 C   1p0 :    -0.19)                              
               (   6 O   2p0 :     0.15)                                                                                  
                                                                                                                          
               Molecular Orbital No.  18:                                                                                 
               --------------------------                                                                                 
               Occupation: 1.903 Energy:   -0.30938 a.u.                                                                  
               (   1 C   1p0 :     0.36) (   1 C   2p0 :     0.28) (   3 C   1p0 :     0.24)                              
               (   3 C   2p0 :     0.20) (   4 C   1p0 :    -0.24) (   4 C   2p0 :    -0.20)                              
               (   5 C   1p0 :    -0.36) (   5 C   2p0 :    -0.28)                                                        
                                                                                                                          
               Molecular Orbital No.  19:                                                                                 
               --------------------------                                                                                 
               Occupation: 0.097 Energy:    0.18406 a.u.                                                                  
               (   1 C   1p0 :    -0.48) (   1 C   2p0 :    -0.30) (   3 C   1p0 :     0.30)                              
               (   3 C   2p0 :     0.18) (   4 C   1p0 :     0.30) (   4 C   2p0 :     0.18)                              
               (   5 C   1p0 :    -0.48) (   5 C   2p0 :    -0.30) (   6 O   1p0 :     0.28)                              
               (   6 O   2p0 :     0.27)                                                                                  
                                                                                                                          
               Molecular Orbital No.  20:                                                                                 
               --------------------------                                                                                 
               Occupation: 0.063 Energy:    0.28638 a.u.                                                                  
               (   1 C   1p0 :    -0.36) (   1 C   2p0 :    -0.24) (   3 C   1p0 :     0.51)                              
               (   3 C   2p0 :     0.39) (   4 C   1p0 :    -0.51) (   4 C   2p0 :    -0.39)                              
               (   5 C   1p0 :     0.36) (   5 C   2p0 :     0.24)                                                        
                                                                                                                          
               Molecular Orbital No.  21:                                                                                 
               --------------------------                                                                                 
               Occupation: 0.000 Energy:    0.20569 a.u.                                                                  
               (   1 C   3s  :    -0.62) (   1 C   2p+1:     0.28) (   1 C   2p-1:     0.21)                              
               (   2 H   2s  :     0.93) (   3 C   3s  :    -0.99) (   3 C   2p+1:    -0.30)                              
               (   3 C   2p-1:     0.41) (   4 C   3s  :    -0.99) (   4 C   2p+1:    -0.48)                              
               (   4 C   2p-1:    -0.18) (   5 C   3s  :    -0.62) (   5 C   2p-1:    -0.33)                              
               (   7 H   2s  :     1.35) (   8 H   2s  :     1.35) (   9 H   2s  :     0.93)                              
                                                                                                                          
               Molecular Orbital No.  22:                                                                                 
               --------------------------                                                                                 
               Occupation: 0.000 Energy:    0.23274 a.u.                                                                  
               (   1 C   3s  :    -0.75) (   1 C   2p+1:     0.85) (   1 C   2p-1:     0.79)                              
               (   2 H   2s  :     1.89) (   3 C   3s  :    -1.12) (   3 C   2p-1:    -0.22)                              
               (   4 C   3s  :     1.13) (   4 C   2p-1:    -0.19) (   5 C   3s  :     0.74)                              
               (   5 C   1p-1:     0.16) (   5 C   2p+1:    -0.28) (   5 C   2p-1:     1.12)                              
               (   7 H   2s  :     0.40) (   8 H   2s  :    -0.41) (   9 H   2s  :    -1.87)
----- stdout -----
                                                                                                                          
                                                Dipole moment for state 1                                                 
                                               ---------------------------                                                
                                                                                                                          
                                   X   :         0.435396 a.u.         1.106665 Debye                                     
                                   Y   :        -0.130479 a.u.        -0.331644 Debye                                     
                                   Z   :         0.000065 a.u.         0.000164 Debye                                     
                                 Total :         0.454526 a.u.         1.155291 Debye
----- stdout -----
                                                                                                                          
Total MCSCF time: 00:00:02
----- stdout -----
                                                                                                                          
                          Multi-Configurational Linear response Eigenvalue Solver
                         =========================================================
                                                                                                                          
                                                                                                                          
               ╭────────────────────────────────────╮
               │          Driver settings           │
               ╰────────────────────────────────────╯
                                                                                                                          
               Number of states              :   5
               Full MC-RPA calculation
                                                                                                                          
               Max. iterations               :   50
               Residual sq. norm threshold   :   1e-08
                                                                                                                          
               Trial vector settings:
                 - Lin. dep. threshold       :   1e-10
                 - Min. trial vectors        :   30
                 - Max. trial vectors        :   60
----- stdout -----
               Number of parameters:
                - CI                         :   99
                - Orbital                    :   1235
----- stdout -----
                                                                                                                          
* Initialization time: 00:00:00
                                                                                                                          
                                                                                                                          
                           MC-RPA Iterations
                           -----------------
                                                                                                                          
     Iter. | Average Energy | Grad. Norm | Converged | CI+Orb vec. | Time
     -----------------------------------------------------------------------
------------------

[0;31m---------------------------------------------------------------------------[0m
[0;31mUnboundLocalError[0m                         Traceback (most recent call last)
Cell [0;32mIn[8], line 5[0m
[1;32m      2[0m mc_results [38;5;241m=[39m mcscfdrv[38;5;241m.[39mcompute(molecule,basis,space) [38;5;66;03m#only ground state![39;00m
[1;32m      4[0m mcrpa [38;5;241m=[39m mtp[38;5;241m.[39mMclr_EigenSolver()
[0;32m----> 5[0m Prop_dict [38;5;241m=[39m [43mmcrpa[49m[38;5;241;43m.[39;49m[43mcompute[49m[43m([49m[43mmolecule[49m[43m,[49m[43m [49m[43mbasis[49m[43m,[49m[43m [49m[43mmcscfdrv[49m[43m,[49m[43m [49m[43mn_states[49m[43m [49m[38;5;241;43m=[39;49m[43m [49m[38;5;241;43m5[39;49m[43m)[49m

File [0;32m~/Terminal/multipsi_newcore/src/multipsi/mclr_eigensolver.py:192[0m, in [0;36mMclr_EigenSolver.compute[0;34m(self, molecule, basis, mcscf_drv, n_states)[0m
[1;32m    189[0m [38;5;28;01mif[39;00m [38;5;28mself[39m[38;5;241m.[39mtda:
[1;32m    190[0m     return_dict [38;5;241m=[39m [38;5;28mself[39m[38;5;241m.[39m_compute_TDA(molecule, basis, n_states,
[1;32m    191[0m                                          vecs, taus, min_trial, max_trial)
[0;32m--> 192[0m n_iter [38;5;241m=[39m [43mreturn_dict[49m[[38;5;124m"[39m[38;5;124mn_iterations[39m[38;5;124m"[39m] [38;5;241m+[39m [38;5;241m1[39m
[1;32m    193[0m [38;5;28;01mif[39;00m return_dict[[38;5;124m"[39m[38;5;124mconverged[39m[38;5;124m"[39m]:
[1;32m    194[0m     [38;5;28mself[39m[38;5;241m.[39mostream[38;5;241m.[39mprint_line([38;5;124m"[39m[38;5;124m** Convergence reached in [39m[38;5;124m"[39m [38;5;241m+[39m
[1;32m    195[0m                             [38;5;28mstr[39m(n_iter) [38;5;241m+[39m [38;5;124m"[39m[38;5;124m iterations[39m[38;5;124m"[39m)

[0;31mUnboundLocalError[0m: cannot access local variable 'return_dict' where it is not associated with a value

