Traceback (most recent call last):
  File "/Users/delcey/anaconda3/envs/vlxenv/lib/python3.12/site-packages/jupyter_cache/executors/utils.py", line 58, in single_nb_execution
    executenb(
  File "/Users/delcey/anaconda3/envs/vlxenv/lib/python3.12/site-packages/nbclient/client.py", line 1319, in execute
    return NotebookClient(nb=nb, resources=resources, km=km, **kwargs).execute()
           ^^^^^^^^^^^^^^^^^^^^^^^^^^^^^^^^^^^^^^^^^^^^^^^^^^^^^^^^^^^^^^^^^^^^^
  File "/Users/delcey/anaconda3/envs/vlxenv/lib/python3.12/site-packages/jupyter_core/utils/__init__.py", line 165, in wrapped
    return loop.run_until_complete(inner)
           ^^^^^^^^^^^^^^^^^^^^^^^^^^^^^^
  File "/Users/delcey/anaconda3/envs/vlxenv/lib/python3.12/asyncio/base_events.py", line 686, in run_until_complete
    return future.result()
           ^^^^^^^^^^^^^^^
  File "/Users/delcey/anaconda3/envs/vlxenv/lib/python3.12/site-packages/nbclient/client.py", line 709, in async_execute
    await self.async_execute_cell(
  File "/Users/delcey/anaconda3/envs/vlxenv/lib/python3.12/site-packages/nbclient/client.py", line 1062, in async_execute_cell
    await self._check_raise_for_error(cell, cell_index, exec_reply)
  File "/Users/delcey/anaconda3/envs/vlxenv/lib/python3.12/site-packages/nbclient/client.py", line 918, in _check_raise_for_error
    raise CellExecutionError.from_cell_and_msg(cell, exec_reply_content)
nbclient.exceptions.CellExecutionError: An error occurred while executing the following cell:
------------------
# Define molecule and basis
mol_str = """
O 0.0000   0.0000   0.0000
O 0.0000   1.0885   0.6697
O 0.0000  -1.0885   0.6697
"""

molecule = vlx.Molecule.read_str(mol_str)
molecule.set_charge(0) # default
molecule.set_multiplicity(1) # default

basis = vlx.MolecularBasis.read(molecule,"def2-svp")

# Generate guess
orbguess = mtp.OrbitalGuess()
guessorb = orbguess.compute(molecule, basis)

# Define the active space (full valence = 9 2p orbitals, 12 electrons)
orb_space = mtp.OrbSpace(molecule, guessorb)
orb_space.cas(12, 9)

# MCSCF energy
mcscf_drv = mtp.McscfDriver()
mcscf_dict = mcscf_drv.compute(molecule, basis, orb_space)

# Linear response calculation
mcrpa = mtp.Mclr_EigenSolver()
response_dict = mcrpa.compute(molecule, basis, mcscf_drv, n_states = 5) 
------------------

----- stdout -----
                                                                                                                          
                          Multi-Configurational Self-Consistent Field Driver
                         ====================================================
----- stdout -----

               Active space definition:
               ------------------------
               Number of inactive (occupied) orbitals: 6
               Number of active orbitals:              9
               Number of virtual orbitals:             27

               This is a CASSCF wavefunction: CAS(12,9)

               CI expansion:
               -------------
               Number of determinants:      7056


                                                                                                                          
               ╭────────────────────────────────────╮
               │          Driver settings           │
               ╰────────────────────────────────────╯
                                                                                                                          
                                                                                                                          
               Number of states              :   1
               State-specific calculation
                - State of interest          :   1
               Max. iterations               :   50
               BFGS window                   :   5
               Convergence thresholds:
                - Energy change              :   1e-08
                - Gradient sq. norm          :   1e-08
                                                                                                                          
                                                                                                                          
                          MCSCF Iterations
                         -------------------
                                                                                                                          
     Iter. | Average Energy | E. Change | Grad. Norm | CI Iter. | Trust rad. |  Time
     ---------------------------------------------------------------------------------
----- stdout -----
-186.00540597666563
----- stdout -----
        1     -223.990804437     0.0e+00      1.3e+00         16        0.40    0:00:00
----- stdout -----
-186.04340973983983
----- stdout -----
        2     -224.232908972    -2.4e-01      1.4e-01         13        0.40    0:00:00
----- stdout -----
-184.86257985710103
        3     -224.282221229    -4.9e-02      1.0e-02          3        0.48    0:00:00
----- stdout -----
-184.71466776234593
        4     -224.288065932    -5.8e-03      1.3e-03          4        0.48    0:00:00
----- stdout -----
-184.56191770254173
        5     -224.288712397    -6.5e-04      1.7e-04          4        0.58    0:00:00
----- stdout -----
-184.48586137727955
----- stdout -----
        6     -224.288830390    -1.2e-04      3.0e-05          4        0.69    0:00:00
----- stdout -----
-184.45899246605458
----- stdout -----
        7     -224.288852010    -2.2e-05      7.9e-06          4        0.80    0:00:00
----- stdout -----
-184.45049439901703
----- stdout -----
        8     -224.288856464    -4.5e-06      8.4e-07          3        0.80    0:00:00
----- stdout -----
-184.45024099628392
----- stdout -----
        9     -224.288856934    -4.7e-07      9.7e-08          5        0.80    0:00:00
----- stdout -----
-184.45033531446055
----- stdout -----
       10     -224.288857006    -7.3e-08      1.5e-08          4        0.80    0:00:00
----- stdout -----
-184.45019640496633
----- stdout -----
       11     -224.288857022    -1.6e-08      5.3e-09          4        0.80    0:00:00
----- stdout -----
-184.44999541072525
----- stdout -----
       12     -224.288857026    -4.3e-09      1.9e-09          4        0.80    0:00:00
** Convergence reached in 12 iterations
----- stdout -----
-184.44994862525903
----- stdout -----
       13     -224.288857028    -1.3e-09      5.7e-10         14        0.80    0:00:00
                                                                                                                          
               Final results
               -------------
                                                                                                                          
* State 1
  - S^2    : 0.00  (multiplicity = 1.0 )
  - Energy : -224.288857027729
  - Natural orbitals
1.99224 1.99029 1.96397 1.95643 1.94794 1.76948 0.26738 0.06074 0.05154
                                                                                                                          
                                                 Spin Restricted Orbitals                                                 
                                                 ------------------------                                                 
                                                                                                                          
               Molecular Orbital No.   5:                                                                                 
               --------------------------                                                                                 
               Occupation: 2.000 Energy:   -1.26698 a.u.                                                                  
               (   2 O   1s  :     0.22) (   2 O   2s  :     0.45) (   2 O   3s  :     0.34)                              
               (   3 O   1s  :    -0.22) (   3 O   2s  :    -0.45) (   3 O   3s  :    -0.34)                              
                                                                                                                          
               Molecular Orbital No.   6:                                                                                 
               --------------------------                                                                                 
               Occupation: 2.000 Energy:   -1.01012 a.u.                                                                  
               (   1 O   1s  :    -0.18) (   1 O   2s  :    -0.41) (   1 O   3s  :    -0.31)                              
               (   1 O   1p0 :     0.25) (   2 O   2s  :     0.27) (   2 O   3s  :     0.23)                              
               (   2 O   1p0 :     0.20) (   3 O   2s  :     0.27) (   3 O   3s  :     0.23)                              
               (   3 O   1p0 :     0.20)                                                                                  
                                                                                                                          
               Molecular Orbital No.   7:                                                                                 
               --------------------------                                                                                 
               Occupation: 1.992 Energy:   -0.60885 a.u.                                                                  
               (   2 O   1p-1:    -0.23) (   2 O   1p0 :     0.41) (   2 O   2p-1:    -0.19)                              
               (   2 O   2p0 :     0.27) (   3 O   1p-1:    -0.23) (   3 O   1p0 :    -0.41)                              
               (   3 O   2p-1:    -0.19) (   3 O   2p0 :    -0.27)                                                        
                                                                                                                          
               Molecular Orbital No.   8:                                                                                 
               --------------------------                                                                                 
               Occupation: 1.990 Energy:   -0.74350 a.u.                                                                  
               (   1 O   2s  :    -0.32) (   1 O   3s  :    -0.33) (   2 O   3s  :     0.16)                              
               (   2 O   1p-1:     0.23) (   2 O   1p0 :    -0.33) (   2 O   2p0 :    -0.26)                              
               (   3 O   3s  :     0.16) (   3 O   1p-1:    -0.23) (   3 O   1p0 :    -0.33)                              
               (   3 O   2p0 :    -0.26)                                                                                  
                                                                                                                          
               Molecular Orbital No.   9:                                                                                 
               --------------------------                                                                                 
               Occupation: 1.964 Energy:   -0.76348 a.u.                                                                  
               (   1 O   1p+1:    -0.55) (   1 O   2p+1:    -0.34) (   2 O   1p+1:    -0.23)                              
               (   3 O   1p+1:    -0.23)                                                                                  
                                                                                                                          
               Molecular Orbital No.  10:                                                                                 
               --------------------------                                                                                 
               Occupation: 1.956 Energy:   -0.84371 a.u.                                                                  
               (   1 O   1p0 :    -0.54) (   1 O   2p0 :    -0.33) (   2 O   1p-1:     0.19)                              
               (   2 O   1p0 :     0.25) (   2 O   2p0 :     0.17) (   3 O   1p-1:    -0.19)                              
               (   3 O   1p0 :     0.25) (   3 O   2p0 :     0.17)                                                        
                                                                                                                          
               Molecular Orbital No.  11:                                                                                 
               --------------------------                                                                                 
               Occupation: 1.948 Energy:   -0.83932 a.u.                                                                  
               (   1 O   1p-1:     0.48) (   1 O   2p-1:     0.20) (   2 O   1p-1:    -0.35)                              
               (   2 O   2p-1:    -0.20) (   3 O   1p-1:    -0.35) (   3 O   2p-1:    -0.20)                              
                                                                                                                          
               Molecular Orbital No.  12:                                                                                 
               --------------------------                                                                                 
               Occupation: 1.769 Energy:   -0.43543 a.u.                                                                  
               (   2 O   1p+1:     0.48) (   2 O   2p+1:     0.35) (   3 O   1p+1:    -0.48)                              
               (   3 O   2p+1:    -0.35)                                                                                  
                                                                                                                          
               Molecular Orbital No.  13:                                                                                 
               --------------------------                                                                                 
               Occupation: 0.267 Energy:   -0.05109 a.u.                                                                  
               (   1 O   1p+1:     0.46) (   1 O   2p+1:     0.28) (   2 O   1p+1:    -0.50)                              
               (   2 O   2p+1:    -0.24) (   3 O   1p+1:    -0.50) (   3 O   2p+1:    -0.24)                              
                                                                                                                          
               Molecular Orbital No.  14:                                                                                 
               --------------------------                                                                                 
               Occupation: 0.061 Energy:    0.41592 a.u.                                                                  
               (   1 O   1s  :     0.16) (   1 O   2s  :     0.48) (   1 O   3s  :     0.30)                              
               (   1 O   1p0 :     0.57) (   2 O   2s  :    -0.17) (   2 O   1p-1:     0.51)                              
               (   2 O   1p0 :     0.15) (   2 O   2p-1:     0.18) (   3 O   2s  :    -0.17)                              
               (   3 O   1p-1:    -0.51) (   3 O   1p0 :     0.15) (   3 O   2p-1:    -0.18)                              
                                                                                                                          
               Molecular Orbital No.  15:                                                                                 
               --------------------------                                                                                 
               Occupation: 0.052 Energy:    0.51207 a.u.                                                                  
               (   1 O   1p-1:    -0.76) (   1 O   2p-1:    -0.34) (   2 O   2s  :     0.19)                              
               (   2 O   3s  :     0.22) (   2 O   1p-1:    -0.34) (   2 O   1p0 :    -0.36)                              
               (   2 O   2p-1:    -0.21) (   3 O   2s  :    -0.19) (   3 O   3s  :    -0.22)                              
               (   3 O   1p-1:    -0.34) (   3 O   1p0 :     0.36) (   3 O   2p-1:    -0.21)                              
                                                                                                                          
               Molecular Orbital No.  16:                                                                                 
               --------------------------                                                                                 
               Occupation: 0.000 Energy:    0.90478 a.u.                                                                  
               (   1 O   1s  :     0.16) (   1 O   2s  :     0.73) (   1 O   3s  :     0.65)                              
               (   1 O   1p0 :    -0.29) (   1 O   2p0 :     0.95) (   2 O   2s  :     0.78)                              
               (   2 O   3s  :    -1.26) (   2 O   1p-1:    -0.16) (   2 O   2p-1:     0.69)                              
               (   3 O   2s  :     0.78) (   3 O   3s  :    -1.26) (   3 O   1p-1:     0.16)                              
               (   3 O   2p-1:    -0.69)                                                                                  
                                                                                                                          
               Molecular Orbital No.  17:                                                                                 
               --------------------------                                                                                 
               Occupation: 0.000 Energy:    1.02202 a.u.                                                                  
               (   1 O   1p-1:    -0.31) (   1 O   2p-1:     1.30) (   2 O   1s  :    -0.15)                              
               (   2 O   2s  :    -0.72) (   2 O   1p-1:    -0.34) (   2 O   2p-1:     0.73)                              
               (   2 O   2p0 :     0.46) (   3 O   1s  :     0.15) (   3 O   2s  :     0.72)                              
               (   3 O   1p-1:    -0.34) (   3 O   2p-1:     0.73) (   3 O   2p0 :    -0.46)
----- stdout -----
                                                                                                                          
                                                Dipole moment for state 1                                                 
                                               ---------------------------                                                
                                                                                                                          
                                   X   :         0.000003 a.u.         0.000007 Debye                                     
                                   Y   :        -0.000001 a.u.        -0.000003 Debye                                     
                                   Z   :        -0.200660 a.u.        -0.510027 Debye                                     
                                 Total :         0.200660 a.u.         0.510027 Debye
----- stdout -----
                                                                                                                          
Total MCSCF time: 00:00:02
----- stdout -----
                                                                                                                          
                          Multi-Configurational Linear response Eigenvalue Solver
                         =========================================================
                                                                                                                          
                                                                                                                          
               ╭────────────────────────────────────╮
               │          Driver settings           │
               ╰────────────────────────────────────╯
                                                                                                                          
               Number of states              :   5
               Full MC-RPA calculation
                                                                                                                          
               Max. iterations               :   50
               Residual sq. norm threshold   :   1e-08
                                                                                                                          
               Trial vector settings:
                 - Lin. dep. threshold       :   1e-10
                 - Min. trial vectors        :   30
                 - Max. trial vectors        :   60
----- stdout -----
               Number of parameters:
                - CI                         :   7055
                - Orbital                    :   459
----- stdout -----
                                                                                                                          
* Initialization time: 00:00:00
                                                                                                                          
                                                                                                                          
                           MC-RPA Iterations
                           -----------------
                                                                                                                          
     Iter. | Average Energy | Grad. Norm | Converged | CI+Orb vec. | Time
     -----------------------------------------------------------------------
------------------

[0;31m---------------------------------------------------------------------------[0m
[0;31mUnboundLocalError[0m                         Traceback (most recent call last)
Cell [0;32mIn[2], line 28[0m
[1;32m     26[0m [38;5;66;03m# Linear response calculation[39;00m
[1;32m     27[0m mcrpa [38;5;241m=[39m mtp[38;5;241m.[39mMclr_EigenSolver()
[0;32m---> 28[0m response_dict [38;5;241m=[39m [43mmcrpa[49m[38;5;241;43m.[39;49m[43mcompute[49m[43m([49m[43mmolecule[49m[43m,[49m[43m [49m[43mbasis[49m[43m,[49m[43m [49m[43mmcscf_drv[49m[43m,[49m[43m [49m[43mn_states[49m[43m [49m[38;5;241;43m=[39;49m[43m [49m[38;5;241;43m5[39;49m[43m)[49m 

File [0;32m~/anaconda3/envs/vlxenv/lib/python3.12/site-packages/multipsi/mclr_eigensolver.py:192[0m, in [0;36mMclr_EigenSolver.compute[0;34m(self, molecule, basis, mcscf_drv, n_states)[0m
[1;32m    189[0m [38;5;28;01mif[39;00m [38;5;28mself[39m[38;5;241m.[39mtda:
[1;32m    190[0m     return_dict [38;5;241m=[39m [38;5;28mself[39m[38;5;241m.[39m_compute_TDA(molecule, basis, n_states,
[1;32m    191[0m                                          vecs, taus, min_trial, max_trial)
[0;32m--> 192[0m n_iter [38;5;241m=[39m [43mreturn_dict[49m[[38;5;124m"[39m[38;5;124mn_iterations[39m[38;5;124m"[39m] [38;5;241m+[39m [38;5;241m1[39m
[1;32m    193[0m [38;5;28;01mif[39;00m return_dict[[38;5;124m"[39m[38;5;124mconverged[39m[38;5;124m"[39m]:
[1;32m    194[0m     [38;5;28mself[39m[38;5;241m.[39mostream[38;5;241m.[39mprint_line([38;5;124m"[39m[38;5;124m** Convergence reached in [39m[38;5;124m"[39m [38;5;241m+[39m
[1;32m    195[0m                             [38;5;28mstr[39m(n_iter) [38;5;241m+[39m [38;5;124m"[39m[38;5;124m iterations[39m[38;5;124m"[39m)

[0;31mUnboundLocalError[0m: cannot access local variable 'return_dict' where it is not associated with a value

